// Jest Snapshot v1, https://goo.gl/fbAQLP

exports[`Itinerary should render correctly 1`] = `
<BpkCard
  blank={false}
  className="Itinerary"
  href={null}
  padded={true}
>
  <div>
    <div
      className="Itinerary__segment"
    >
      <BpkImage
        altText="CARRIER_NAME"
        borderRadiusStyle="none"
        className="Itinerary__segment-carrier-icon"
        height={32}
        inView={true}
        loading={false}
        onLoad={null}
        src="https://logos.skyscnr.com/images/airlines/favicon/imageUrl.png"
        style={Object {}}
        suppressHydrationWarning={false}
        width={32}
      />
      <div
        className="Itinerary__segment-sides"
      >
        <div
          className="Itinerary__segment-sides-side"
        >
          <BpkText
            bold={false}
            className={null}
            tag="span"
            tagName="span"
            textStyle="base"
          >
            16:20
          </BpkText>
          <BpkText
            bold={false}
            className="Itinerary__segment-sides-side-code"
            tag="span"
            tagName="span"
            textStyle="base"
          >
            EDI
          </BpkText>
        </div>
        <b
          className="Itinerary__segment-sides-divider"
        >
          <_default />
        </b>
        <div
          className="Itinerary__segment-sides-side"
        >
          <BpkText
            bold={false}
            className={null}
            tag="span"
            tagName="span"
            textStyle="base"
          >
            16:20
          </BpkText>
          <BpkText
            bold={false}
            className="Itinerary__segment-sides-side-code"
            tag="span"
            tagName="span"
            textStyle="base"
          >
            LGW
          </BpkText>
        </div>
      </div>
      <div
        className="Itinerary__segment-details"
      >
        <BpkText
          bold={false}
          className={null}
          tag="span"
          tagName="span"
          textStyle="base"
        >
          1h 30
        </BpkText>
        <BpkText
          bold={false}
          className="Itinerary__segment-details-type-direct"
          tag="span"
          tagName="span"
          textStyle="base"
        >
          Direct
        </BpkText>
      </div>
    </div>
  </div>
  <div>
    <div
      className="Itinerary__segment"
    >
      <BpkImage
        altText="CARRIER_NAME"
        borderRadiusStyle="none"
        className="Itinerary__segment-carrier-icon"
        height={32}
        inView={true}
        loading={false}
        onLoad={null}
        src="https://logos.skyscnr.com/images/airlines/favicon/imageUrl.png"
        style={Object {}}
        suppressHydrationWarning={false}
        width={32}
      />
      <div
        className="Itinerary__segment-sides"
      >
        <div
          className="Itinerary__segment-sides-side"
        >
          <BpkText
            bold={false}
            className={null}
            tag="span"
            tagName="span"
            textStyle="base"
          >
            16:20
          </BpkText>
          <BpkText
            bold={false}
            className="Itinerary__segment-sides-side-code"
            tag="span"
            tagName="span"
            textStyle="base"
          >
            LGW
          </BpkText>
        </div>
        <b
          className="Itinerary__segment-sides-divider"
        >
          <_default />
        </b>
        <div
          className="Itinerary__segment-sides-side"
        >
          <BpkText
            bold={false}
            className={null}
            tag="span"
            tagName="span"
            textStyle="base"
          >
            16:20
          </BpkText>
          <BpkText
            bold={false}
            className="Itinerary__segment-sides-side-code"
            tag="span"
            tagName="span"
            textStyle="base"
          >
            EDI
          </BpkText>
        </div>
      </div>
      <div
        className="Itinerary__segment-details"
      >
        <BpkText
          bold={false}
          className={null}
          tag="span"
          tagName="span"
          textStyle="base"
        >
          2h
        </BpkText>
        <BpkText
          bold={false}
          className="Itinerary__segment-details-type-direct"
          tag="span"
          tagName="span"
          textStyle="base"
        >
          Direct
        </BpkText>
      </div>
    </div>
  </div>
  <div
    className="Itinerary__details"
  >
    <div>
      <BpkText
        bold={false}
        className={null}
        tag="span"
        tagName="span"
        textStyle="xl"
      >
        Â£
        123.00
      </BpkText>
      <BpkText
        bold={false}
        className="Itinerary__details-source"
        tag="span"
        tagName="span"
        textStyle="base"
      >
        ABC
      </BpkText>
    </div>
    <div>
      <BpkButton
        blank={false}
        className="Itinerary__details-select-button"
        destructive={false}
        disabled={false}
        featured={false}
        href={null}
        iconOnly={false}
        large={true}
        link={false}
        onClick={null}
        outline={false}
        rel={null}
        secondary={false}
        submit={false}
      >
        Select
      </BpkButton>
    </div>
  </div>
</BpkCard>
`;
